---------------------------------------------------------------------------------------------------
Date: 9/25/2026 -- 09:09:22 (uptime: 0d, 00h 00m 33s)
---------------------------------------------------------------------------------------------------
Counter                                                      | TM Name                   | Value
---------------------------------------------------------------------------------------------------
decoder.pkts                                                 | Total                     | 1498
decoder.bytes                                                | Total                     | 163242
decoder.ipv4                                                 | Total                     | 1498
decoder.ethernet                                             | Total                     | 1498
decoder.tcp                                                  | Total                     | 1498
tcp.syn                                                      | Total                     | 125
tcp.synack                                                   | Total                     | 125
decoder.avg_pkt_size                                         | Total                     | 108
decoder.max_pkt_size                                         | Total                     | 719
flow.total                                                   | Total                     | 125
flow.tcp                                                     | Total                     | 125
flow.wrk.spare_sync_avg                                      | Total                     | 100
flow.wrk.spare_sync                                          | Total                     | 8
tcp.sessions                                                 | Total                     | 125
tcp.ssn_from_pool                                            | Total                     | 125
tcp.segment_from_pool                                        | Total                     | 374
detect.alert                                                 | Total                     | 1638
app_layer.flow.http                                          | Total                     | 125
app_layer.tx.http                                            | Total                     | 125
flow.end.state.closed                                        | Total                     | 125
flow.end.tcp_state.closed                                    | Total                     | 125
flow.mgr.rows_per_sec                                        | Total                     | 6553
flow.spare                                                   | Total                     | 9300
memcap.pressure                                              | Total                     | 7
memcap.pressure_max                                          | Total                     | 7
defrag.memuse                                                | Total                     | 33554432
flow.recycler.recycled                                       | Total                     | 125
flow.recycler.queue_max                                      | Total                     | 25
tcp.memuse                                                   | Total                     | 4980736
tcp.reassembly_memuse                                        | Total                     | 917504
http.byterange.memuse                                        | Total                     | 168384
http.byterange.memcap                                        | Total                     | 104857600
ippair.memuse                                                | Total                     | 398144
ippair.memcap                                                | Total                     | 16777216
host.memuse                                                  | Total                     | 382144
host.memcap                                                  | Total                     | 33554432
flow.memuse                                                  | Total                     | 7154304
